[chemoah.com/index.html]
[backblue.gif]
[fade.gif]
[index.html]
[chemoah.com/feed/index.html]
[chemoah.com/comments/feed/index.html]
[chemoah.com/home/feed/index.html]
[chemoah.com/wp-includes/js/jquery/jqueryb8ff.js]
[chemoah.com/wp-includes/js/jquery/jquery-migrate.min330a.js]
[chemoah.com/wp-content/themes/enfold/js/avia-compat77ae.js]
[chemoah.com/xmlrpc0db0.php]
[chemoah.com/wp-includes/wlwmanifest.xml]
[chemoah.com/wp-json/index.html]
[chemoah.com/wp-json/oembed/1.0/embed4549.json]
[chemoah.com/wp-json/oembed/1.0/embed303f]
[chemoah.com/wp-content/themes/enfold/config-templatebuilder/avia-template-builder/assets/fonts/entypo-fontello30f4.eot]
[chemoah.com/wp-content/themes/enfold/config-templatebuilder/avia-template-builder/assets/fonts/entypo-fontello30f4.woff]
[chemoah.com/wp-content/themes/enfold/config-templatebuilder/avia-template-builder/assets/fonts/entypo-fontello30f4.ttf]
[use.typekit.net/gze3vfz.js]
[chemoah.com/wp-content/uploads/2016/05/logo.png]
[chemoah.com/wp-content/uploads/2015/02/education-64px-outline_flask.png]
[chemoah.com/wp-content/uploads/2015/02/health-64px-outline_nurse.png]
[chemoah.com/wp-content/uploads/2015/02/health-64px-outline_pulse-chart.png]
[chemoah.com/self-referral-form/index.html]
[chemoah.com/wp-content/uploads/2015/02/users-64px-outline_multiple-11.png]
[chemoah.com/wp-content/uploads/2015/02/nature-64px-outline_dog-house.png]
[chemoah.com/wp-content/uploads/2015/02/health-64px-outline_hospital-32.png]
[chemoah.com/wp-content/uploads/2015/02/users-64px-outline_multiple-19.png]
[chemoah.com/wp-content/uploads/2015/02/transportation-64px-outline_car-front.png]
[chemoah.com/wp-content/uploads/2015/02/objects-64px-outline_diamond.png]
[chemoah.com/wp-content/themes/enfold/js/avia592e.js]
[chemoah.com/wp-content/themes/enfold/js/shortcodes592e.js]
[chemoah.com/wp-content/themes/enfold/framework/index.html]
[chemoah.com/wp-content/themes/enfold/js/aviapopup/jquery.magnific-popup.min77ae.js]
[chemoah.com/wp-content/themes/enfold/index.html]
[chemoah.com/wp-includes/js/mediaelement/mediaelement-and-player.min7796.js]
[chemoah.com/wp-includes/js/mediaelement/wp-mediaelement.min7ebd.js]
[chemoah.com/wp-includes/js/comment-reply.min7ebd.js]
[chemoah.com/wp-includes/js/wp-embed.min7ebd.js]
[chemoah.com/index.html]
[chemoah.com/wp-content/themes/enfold/css/grid77ae.css]
[chemoah.com/wp-content/themes/enfold/css/base77ae.css]
[chemoah.com/wp-content/themes/enfold/images/layout/loading.gif]
[chemoah.com/wp-content/themes/enfold/css/layout77ae.css]
[chemoah.com/wp-content/themes/enfold/images/layout/preload-dark-big.gif]
[chemoah.com/wp-content/themes/enfold/images/layout/preload-dark-grey-big.gif]
[chemoah.com/wp-content/themes/enfold/css/shortcodes77ae.css]
[chemoah.com/wp-content/themes/enfold/js/aviapopup/magnific-popup68b3.css]
[chemoah.com/wp-content/themes/enfold/js/mediaelement/skin-1/background.png]
[chemoah.com/wp-content/themes/enfold/js/mediaelement/skin-1/sep.png]
[chemoah.com/wp-content/themes/enfold/js/mediaelement/skin-1/controls.png]
[chemoah.com/wp-content/themes/enfold/js/mediaelement/skin-1/mediaelementplayer68b3.css]
[chemoah.com/wp-content/themes/enfold/css/print68b3.css]
[chemoah.com/wp-content/uploads/dynamic_avia/enfold27a8.css]
[chemoah.com/wp-content/themes/enfold/css/custom77ae.css]
[chemoah.com/wp-content/themes/enfold/config-gravityforms/gravity-mod68b3.css]
[chemoah.com/xmlrpc.php]
[chemoah.com/wp-content/themes/enfold/config-templatebuilder/avia-template-builder/assets/fonts/entypo-fontello30f4.svg]
[chemoah.com/wp-content/plugins/gravityforms/js/jquery.json5f34.js]
[chemoah.com/wp-content/plugins/gravityforms/js/gravityforms.min5f34.js]
[chemoah.com/wp-content/plugins/gravityforms/js/jquery.maskedinput.min5f34.js]
[chemoah.com/wp-json/oembed/1.0/embed31b3.json]
[chemoah.com/indexa42a.html]
[chemoah.com/wp-json/oembed/1.0/embedfe6c]
[chemoah.com/wp-content/plugins/gravityforms/images/calendar.png]
[chemoah.com/wp-content/plugins/gravityforms/images/spinner.gif]
[chemoah.com/wp-includes/js/jquery/ui/core.mine899.js]
[chemoah.com/wp-includes/js/jquery/ui/datepicker.mine899.js]
[chemoah.com/wp-content/plugins/gravityforms/js/datepicker.min5f34.js]
[chemoah.com/self-referral-form/index.html]
[chemoah.com/wp-content/themes/enfold/framework/index.html]
[chemoah.com/wp-content/themes/enfold/index.html]
[chemoah.com/wp-content/plugins/gravityforms/css/formreset.min5f34.css]
[chemoah.com/wp-content/plugins/gravityforms/images/datepicker/arrow.png]
[chemoah.com/wp-content/plugins/gravityforms/css/datepicker.min5f34.css]
[chemoah.com/wp-content/plugins/gravityforms/images/gf-percentbar-bg.png]
[chemoah.com/wp-content/plugins/gravityforms/images/gf-percentbar-blue.png]
[chemoah.com/wp-content/plugins/gravityforms/images/gf-percentbar-gray.png]
[chemoah.com/wp-content/plugins/gravityforms/images/gf-percentbar-green.png]
[chemoah.com/wp-content/plugins/gravityforms/images/gf-percentbar-orange.png]
[chemoah.com/wp-content/plugins/gravityforms/images/gf-percentbar-red.png]
[chemoah.com/wp-content/plugins/gravityforms/images/gf-percentbar-custom.png]
[chemoah.com/wp-content/plugins/gravityforms/images/chosen-sprite.png]
[chemoah.com/wp-content/plugins/gravityforms/images/chosen-sprite-2x.png]
[chemoah.com/wp-content/plugins/gravityforms/images/gf-creditcard-icons.png]
[chemoah.com/wp-content/plugins/gravityforms/css/formsmain.min5f34.css]
[chemoah.com/wp-content/plugins/gravityforms/css/readyclass.min5f34.css]
[chemoah.com/wp-content/plugins/gravityforms/css/browsers.min5f34.css]
[chemoah.com/indexa42a.html]
